Namespace(data_root='./dataset/data', data_mode='mvtec_2_visa', data_target='VisA', test_ano_setting='general', fold=1, save_path='./outputs/n1a1_general', worker=4, local_rank=0, port='1234', backbone_name='dinov2_vits14', n_shot=1, a_shot=1, epochs=20, learning_rate=0.001, weight_decay=0.0001, scheduler_type='cosine', warmup_epochs=2, grad_clip=0.0, batch_size=16, image_size=448, train_choice=500, print_freq=50, save_freq=1, gpu_id=0, seed=77, save_m=True, pro_num_thresholds=50, deviation_vectors=45, nheads=12, topk=12, topr=4, proj_alpha=0.8, g_loss_w=1.0, or_loss_w=0.8)
Using cache found in /home/wanghuan/.cache/torch/hub/facebookresearch_dinov2_main
/home/wanghuan/.cache/torch/hub/facebookresearch_dinov2_main/dinov2/layers/swiglu_ffn.py:43: UserWarning: xFormers is available (SwiGLU)
  warnings.warn("xFormers is available (SwiGLU)")
/home/wanghuan/.cache/torch/hub/facebookresearch_dinov2_main/dinov2/layers/attention.py:27: UserWarning: xFormers is available (Attention)
  warnings.warn("xFormers is available (Attention)")
/home/wanghuan/.cache/torch/hub/facebookresearch_dinov2_main/dinov2/layers/block.py:33: UserWarning: xFormers is available (Block)
  warnings.warn("xFormers is available (Block)")
==================================================
learnable_vectors.weight torch.Size([45, 384])
cro_attn.multihead_attn.in_proj_weight torch.Size([1152, 384])
cro_attn.multihead_attn.in_proj_bias torch.Size([1152])
cro_attn.multihead_attn.out_proj.weight torch.Size([384, 384])
cro_attn.multihead_attn.out_proj.bias torch.Size([384])
cro_attn.norm.weight torch.Size([384])
cro_attn.norm.bias torch.Size([384])
ffn_layer.fc1.weight torch.Size([1536, 384])
ffn_layer.fc1.bias torch.Size([1536])
ffn_layer.fc2.weight torch.Size([384, 1536])
ffn_layer.fc2.bias torch.Size([384])
norm_out.weight torch.Size([384])
norm_out.bias torch.Size([384])

Total Params: 23.829M 
Trainable params: 1.792 M
==================================================
Train classes: ['bottle', 'cable', 'capsule', 'carpet', 'grid', 'hazelnut', 'leather', 'metal_nut', 'pill', 'screw', 'tile', 'toothbrush', 'transistor', 'wood', 'zipper']
Val classes: ['candle', 'capsules', 'cashew', 'chewinggum', 'fryum', 'macaroni1', 'macaroni2', 'pcb1', 'pcb2', 'pcb3', 'pcb4', 'pipe_fryum']

Fixed few-shot normal and abnormal reference samples
==================================================
[FSDataset test] product=candle normal_support_specie=good n_shot=1 indices_in_specie=[32] paths=['./dataset/data/VisA/candle/Data/Images/Normal/0730.JPG']
[FSDataset test] product=candle abnormal_support_specie=bad a_shot=1 indices_in_specie=[41] paths=['./dataset/data/VisA/candle/Data/Images/Anomaly/041.JPG']
[FSDataset test] product=capsules normal_support_specie=good n_shot=1 indices_in_specie=[12] paths=['./dataset/data/VisA/capsules/Data/Images/Normal/214.JPG']
[FSDataset test] product=capsules abnormal_support_specie=bad a_shot=1 indices_in_specie=[30] paths=['./dataset/data/VisA/capsules/Data/Images/Anomaly/030.JPG']
[FSDataset test] product=cashew normal_support_specie=good n_shot=1 indices_in_specie=[12] paths=['./dataset/data/VisA/cashew/Data/Images/Normal/377.JPG']
[FSDataset test] product=cashew abnormal_support_specie=bad a_shot=1 indices_in_specie=[14] paths=['./dataset/data/VisA/cashew/Data/Images/Anomaly/014.JPG']
[FSDataset test] product=chewinggum normal_support_specie=good n_shot=1 indices_in_specie=[18] paths=['./dataset/data/VisA/chewinggum/Data/Images/Normal/405.JPG']
[FSDataset test] product=chewinggum abnormal_support_specie=bad a_shot=1 indices_in_specie=[60] paths=['./dataset/data/VisA/chewinggum/Data/Images/Anomaly/060.JPG']
[FSDataset test] product=fryum normal_support_specie=good n_shot=1 indices_in_specie=[35] paths=['./dataset/data/VisA/fryum/Data/Images/Normal/460.JPG']
[FSDataset test] product=fryum abnormal_support_specie=bad a_shot=1 indices_in_specie=[78] paths=['./dataset/data/VisA/fryum/Data/Images/Anomaly/078.JPG']
[FSDataset test] product=macaroni1 normal_support_specie=good n_shot=1 indices_in_specie=[30] paths=['./dataset/data/VisA/macaroni1/Data/Images/Normal/0764.JPG']
[FSDataset test] product=macaroni1 abnormal_support_specie=bad a_shot=1 indices_in_specie=[18] paths=['./dataset/data/VisA/macaroni1/Data/Images/Anomaly/018.JPG']
[FSDataset test] product=macaroni2 normal_support_specie=good n_shot=1 indices_in_specie=[71] paths=['./dataset/data/VisA/macaroni2/Data/Images/Normal/0261.JPG']
[FSDataset test] product=macaroni2 abnormal_support_specie=bad a_shot=1 indices_in_specie=[80] paths=['./dataset/data/VisA/macaroni2/Data/Images/Anomaly/080.JPG']
[FSDataset test] product=pcb1 normal_support_specie=good n_shot=1 indices_in_specie=[84] paths=['./dataset/data/VisA/pcb1/Data/Images/Normal/0920.JPG']
[FSDataset test] product=pcb1 abnormal_support_specie=bad a_shot=1 indices_in_specie=[64] paths=['./dataset/data/VisA/pcb1/Data/Images/Anomaly/064.JPG']
[FSDataset test] product=pcb2 normal_support_specie=good n_shot=1 indices_in_specie=[0] paths=['./dataset/data/VisA/pcb2/Data/Images/Normal/0107.JPG']
[FSDataset test] product=pcb2 abnormal_support_specie=bad a_shot=1 indices_in_specie=[35] paths=['./dataset/data/VisA/pcb2/Data/Images/Anomaly/035.JPG']
[FSDataset test] product=pcb3 normal_support_specie=good n_shot=1 indices_in_specie=[3] paths=['./dataset/data/VisA/pcb3/Data/Images/Normal/0303.JPG']
[FSDataset test] product=pcb3 abnormal_support_specie=bad a_shot=1 indices_in_specie=[63] paths=['./dataset/data/VisA/pcb3/Data/Images/Anomaly/063.JPG']
[FSDataset test] product=pcb4 normal_support_specie=good n_shot=1 indices_in_specie=[22] paths=['./dataset/data/VisA/pcb4/Data/Images/Normal/0631.JPG']
[FSDataset test] product=pcb4 abnormal_support_specie=bad a_shot=1 indices_in_specie=[24] paths=['./dataset/data/VisA/pcb4/Data/Images/Anomaly/024.JPG']
[FSDataset test] product=pipe_fryum normal_support_specie=good n_shot=1 indices_in_specie=[32] paths=['./dataset/data/VisA/pipe_fryum/Data/Images/Normal/484.JPG']
[FSDataset test] product=pipe_fryum abnormal_support_specie=bad a_shot=1 indices_in_specie=[49] paths=['./dataset/data/VisA/pipe_fryum/Data/Images/Anomaly/049.JPG']

----------------------------------------------------------------------------------------
======> Epoch: 0, Learning Rate: 1e-05
======> Training:
Iter: 0 	 || Total Loss: 3.0700, I-Loss: 0.7449, P-Loss: 2.3252
Iter: 50 	 || Total Loss: 2.9976, I-Loss: 0.6742, P-Loss: 2.3234
/home/wanghuan/mycode/IDEAL/utils/pre_metrics.py:111: RuntimeWarning: Mean of empty slice
  mean_results = np.nanmean(self.results, axis=0)
Product              I-AUROC    I-AP       I-F1max    P-AUROC    P-F1max    P-PRO     
bottle               1.0000     1.0000     1.0000     0.9896     0.7996     nan       
cable                0.9293     0.9237     0.8276     0.9246     0.6160     nan       
capsule              0.8571     0.8745     0.8261     0.9786     0.4239     nan       
carpet               0.9958     0.9952     0.9655     0.9943     0.6575     nan       
grid                 0.9964     0.9976     0.9756     0.9936     0.4696     nan       
hazelnut             0.9586     0.9665     0.9167     0.9899     0.7108     nan       
leather              1.0000     1.0000     1.0000     0.9896     0.3372     nan       
metal_nut            1.0000     1.0000     1.0000     0.9611     0.5029     nan       
pill                 0.9326     0.9389     0.9020     0.9718     0.7857     nan       
screw                0.6498     0.5954     0.6977     0.8798     0.1751     nan       
tile                 0.9967     0.9974     0.9744     0.9427     0.6107     nan       
toothbrush           0.9844     0.9857     0.9412     0.9920     0.5320     nan       
transistor           0.9643     0.9605     0.9167     0.9255     0.6117     nan       
wood                 0.9949     0.9958     0.9677     0.9861     0.6538     nan       
zipper               0.9826     0.9810     0.9655     0.9317     0.4657     nan       
/home/wanghuan/mycode/IDEAL/utils/pre_metrics.py:276: RuntimeWarning: Mean of empty slice
  metrics_mean = np.nanmean(metrics, axis=0)
Mean                 0.9495     0.9475     0.9251     0.9634     0.5568     nan       
======> Train Results:	|| I-AUROC: 0.9495, I-AP: 0.9475, I-F1max: 0.9251, P-AUROC: 0.9634, P-F1max: 0.5568, P-PRO: nan, Train Loss: 2.9941
======> Validation:
Iter: 0 	 || Total Loss: 2.8390, I-Loss: 0.4844, P-Loss: 2.3546
Iter: 50 	 || Total Loss: 3.0463, I-Loss: 0.6952, P-Loss: 2.3511
Iter: 100 	 || Total Loss: 3.0806, I-Loss: 0.7391, P-Loss: 2.3415
Iter: 150 	 || Total Loss: 3.0745, I-Loss: 0.7301, P-Loss: 2.3443
Iter: 200 	 || Total Loss: 3.0684, I-Loss: 0.7240, P-Loss: 2.3444
Iter: 250 	 || Total Loss: 3.0645, I-Loss: 0.7206, P-Loss: 2.3439
Product              I-AUROC    I-AP       I-F1max    P-AUROC    P-F1max    P-PRO     
candle               0.8645     0.8587     0.8195     0.9851     0.3316     0.9635    
capsules             0.9324     0.9580     0.9038     0.9692     0.2688     0.9233    
cashew               0.9153     0.9596     0.8832     0.9854     0.4950     0.9553    
chewinggum           0.9771     0.9905     0.9634     0.9929     0.6773     0.9372    
fryum                0.9382     0.9730     0.9026     0.9103     0.3098     0.8315    
macaroni1            0.8072     0.8291     0.7404     0.9648     0.1775     0.8429    
macaroni2            0.7151     0.6970     0.7025     0.9699     0.1239     0.8578    
pcb1                 0.9424     0.9274     0.8995     0.9907     0.7272     0.9338    
pcb2                 0.7835     0.7275     0.7593     0.9479     0.2404     0.7719    
pcb3                 0.8324     0.8277     0.7845     0.9585     0.2302     0.8195    
pcb4                 0.8657     0.7777     0.8676     0.9505     0.2264     0.8029    
pipe_fryum           0.9718     0.9867     0.9406     0.9873     0.4890     0.9840    
Mean                 0.8788     0.8761     0.8472     0.9677     0.3581     0.8853    
======> Validation Results:	|| I-AUROC: 0.8788, I-AP: 0.8761, I-F1max: 0.8472, P-AUROC: 0.9677, P-F1max: 0.3581, P-PRO: 0.8853, Val Loss: 3.0667
======> Previous Best I-AUROC: 0.8788(0) || Best P-AUROC: 0.9677(0) || Best I-F1max: 0.8472(0) || Best P-F1max: 0.3581(0)
----------------------------------------------------------------------------------------


----------------------------------------------------------------------------------------
======> Epoch: 1, Learning Rate: 0.00050896
======> Training:
Iter: 0 	 || Total Loss: 2.9735, I-Loss: 0.6928, P-Loss: 2.2807
Iter: 50 	 || Total Loss: 2.9646, I-Loss: 0.6605, P-Loss: 2.3042
/home/wanghuan/mycode/IDEAL/utils/pre_metrics.py:111: RuntimeWarning: Mean of empty slice
  mean_results = np.nanmean(self.results, axis=0)
Product              I-AUROC    I-AP       I-F1max    P-AUROC    P-F1max    P-PRO     
bottle               0.9765     0.9789     0.9333     0.9891     0.7091     nan       
cable                0.9765     0.9933     0.9714     0.9556     0.6671     nan       
capsule              0.9268     0.9153     0.8718     0.9897     0.4159     nan       
carpet               1.0000     1.0000     1.0000     0.9942     0.6837     nan       
grid                 1.0000     1.0000     1.0000     0.9956     0.4827     nan       
hazelnut             1.0000     1.0000     1.0000     0.9964     0.6952     nan       
leather              1.0000     1.0000     1.0000     0.9903     0.3048     nan       
metal_nut            1.0000     1.0000     1.0000     0.9892     0.8602     nan       
pill                 0.9721     0.9777     0.9412     0.9875     0.7518     nan       
screw                0.8333     0.7624     0.7143     0.9765     0.4087     nan       
tile                 1.0000     1.0000     1.0000     0.9809     0.7122     nan       
toothbrush           0.9926     0.9931     0.9677     0.9949     0.6442     nan       
transistor           0.8833     0.9440     0.8750     0.8944     0.4926     nan       
wood                 0.9960     0.9936     0.9600     0.9920     0.7705     nan       
zipper               0.9960     0.9971     0.9730     0.9819     0.5128     nan       
/home/wanghuan/mycode/IDEAL/utils/pre_metrics.py:276: RuntimeWarning: Mean of empty slice
  metrics_mean = np.nanmean(metrics, axis=0)
Mean                 0.9702     0.9704     0.9472     0.9806     0.6074     nan       
======> Train Results:	|| I-AUROC: 0.9702, I-AP: 0.9704, I-F1max: 0.9472, P-AUROC: 0.9806, P-F1max: 0.6074, P-PRO: nan, Train Loss: 2.9630
======> Validation:
Iter: 0 	 || Total Loss: 2.8375, I-Loss: 0.4870, P-Loss: 2.3505
Iter: 50 	 || Total Loss: 3.0426, I-Loss: 0.6940, P-Loss: 2.3487
Iter: 100 	 || Total Loss: 3.0737, I-Loss: 0.7351, P-Loss: 2.3387
Iter: 150 	 || Total Loss: 3.0690, I-Loss: 0.7272, P-Loss: 2.3418
Iter: 200 	 || Total Loss: 3.0627, I-Loss: 0.7208, P-Loss: 2.3419
Iter: 250 	 || Total Loss: 3.0584, I-Loss: 0.7172, P-Loss: 2.3412
Product              I-AUROC    I-AP       I-F1max    P-AUROC    P-F1max    P-PRO     
candle               0.8907     0.8909     0.8235     0.9851     0.3325     0.9608    
capsules             0.9370     0.9611     0.9073     0.9704     0.2571     0.9216    
cashew               0.9241     0.9649     0.8986     0.9894     0.5357     0.9590    
chewinggum           0.9744     0.9891     0.9579     0.9941     0.6807     0.9430    
fryum                0.9375     0.9729     0.9091     0.9397     0.3513     0.8532    
macaroni1            0.8148     0.8365     0.7539     0.9621     0.1859     0.8568    
macaroni2            0.7336     0.7146     0.7031     0.9755     0.1386     0.8756    
pcb1                 0.9490     0.9356     0.8976     0.9917     0.7007     0.9543    
pcb2                 0.8236     0.7657     0.8000     0.9554     0.2807     0.8361    
pcb3                 0.8545     0.8391     0.8063     0.9500     0.2250     0.8539    
pcb4                 0.9141     0.8528     0.8981     0.9636     0.2528     0.8608    
pipe_fryum           0.9713     0.9866     0.9394     0.9880     0.5018     0.9857    
Mean                 0.8937     0.8925     0.8579     0.9721     0.3702     0.9051    
======> Validation Results:	|| I-AUROC: 0.8937, I-AP: 0.8925, I-F1max: 0.8579, P-AUROC: 0.9721, P-F1max: 0.3702, P-PRO: 0.9051, Val Loss: 3.0605
======> Previous Best I-AUROC: 0.8937(1) || Best P-AUROC: 0.9721(1) || Best I-F1max: 0.8579(1) || Best P-F1max: 0.3702(1)
----------------------------------------------------------------------------------------


----------------------------------------------------------------------------------------
======> Epoch: 2, Learning Rate: 0.001
======> Training:
Iter: 0 	 || Total Loss: 2.9206, I-Loss: 0.6199, P-Loss: 2.3006
Iter: 50 	 || Total Loss: 2.9467, I-Loss: 0.6483, P-Loss: 2.2984
/home/wanghuan/mycode/IDEAL/utils/pre_metrics.py:111: RuntimeWarning: Mean of empty slice
  mean_results = np.nanmean(self.results, axis=0)
Product              I-AUROC    I-AP       I-F1max    P-AUROC    P-F1max    P-PRO     
bottle               1.0000     1.0000     1.0000     0.9956     0.8062     nan       
cable                0.8971     0.9235     0.8276     0.9011     0.5189     nan       
capsule              0.9653     0.9836     0.9375     0.9892     0.4878     nan       
carpet               1.0000     1.0000     1.0000     0.9928     0.6489     nan       
grid                 1.0000     1.0000     1.0000     0.9942     0.4599     nan       
hazelnut             1.0000     1.0000     1.0000     0.9964     0.7205     nan       
leather              1.0000     1.0000     1.0000     0.9929     0.3539     nan       
metal_nut            1.0000     1.0000     1.0000     0.9908     0.8661     nan       
pill                 0.9873     0.9844     0.9333     0.9923     0.8665     nan       
screw                0.9421     0.9028     0.8421     0.9879     0.1973     nan       
tile                 1.0000     1.0000     1.0000     0.9850     0.7192     nan       
toothbrush           0.9926     0.9931     0.9677     0.9912     0.4557     nan       
transistor           0.9752     0.9617     0.9545     0.9386     0.5452     nan       
wood                 1.0000     1.0000     1.0000     0.9914     0.6634     nan       
zipper               1.0000     1.0000     1.0000     0.9797     0.5612     nan       
/home/wanghuan/mycode/IDEAL/utils/pre_metrics.py:276: RuntimeWarning: Mean of empty slice
  metrics_mean = np.nanmean(metrics, axis=0)
Mean                 0.9840     0.9833     0.9642     0.9813     0.5914     nan       
======> Train Results:	|| I-AUROC: 0.9840, I-AP: 0.9833, I-F1max: 0.9642, P-AUROC: 0.9813, P-F1max: 0.5914, P-PRO: nan, Train Loss: 2.9474
======> Validation:
Iter: 0 	 || Total Loss: 2.8334, I-Loss: 0.4852, P-Loss: 2.3482
Iter: 50 	 || Total Loss: 3.0445, I-Loss: 0.6948, P-Loss: 2.3498
Iter: 100 	 || Total Loss: 3.0724, I-Loss: 0.7343, P-Loss: 2.3381
Iter: 150 	 || Total Loss: 3.0669, I-Loss: 0.7260, P-Loss: 2.3409
Iter: 200 	 || Total Loss: 3.0606, I-Loss: 0.7197, P-Loss: 2.3410
Iter: 250 	 || Total Loss: 3.0565, I-Loss: 0.7164, P-Loss: 2.3401
Product              I-AUROC    I-AP       I-F1max    P-AUROC    P-F1max    P-PRO     
candle               0.8830     0.8893     0.8213     0.9864     0.3507     0.9629    
capsules             0.9380     0.9625     0.9082     0.9726     0.3037     0.9281    
cashew               0.9124     0.9606     0.8889     0.9857     0.4673     0.9587    
chewinggum           0.9751     0.9894     0.9579     0.9949     0.6874     0.9475    
fryum                0.9483     0.9776     0.9100     0.9409     0.3579     0.8697    
macaroni1            0.8636     0.8712     0.7980     0.9710     0.1966     0.8705    
macaroni2            0.7791     0.7544     0.7382     0.9746     0.1383     0.8850    
pcb1                 0.9536     0.9405     0.9000     0.9917     0.6988     0.9513    
pcb2                 0.8119     0.7515     0.7815     0.9570     0.2862     0.8393    
pcb3                 0.9012     0.8987     0.8421     0.9543     0.2606     0.8497    
pcb4                 0.9060     0.8374     0.8972     0.9631     0.2654     0.8511    
pipe_fryum           0.9786     0.9902     0.9430     0.9876     0.4974     0.9839    
Mean                 0.9042     0.9019     0.8655     0.9733     0.3759     0.9081    
======> Validation Results:	|| I-AUROC: 0.9042, I-AP: 0.9019, I-F1max: 0.8655, P-AUROC: 0.9733, P-F1max: 0.3759, P-PRO: 0.9081, Val Loss: 3.0584
======> Previous Best I-AUROC: 0.9042(2) || Best P-AUROC: 0.9733(2) || Best I-F1max: 0.8655(2) || Best P-F1max: 0.3759(2)
----------------------------------------------------------------------------------------


----------------------------------------------------------------------------------------
======> Epoch: 3, Learning Rate: 0.000992479837741043
======> Training:
Iter: 0 	 || Total Loss: 2.8151, I-Loss: 0.4919, P-Loss: 2.3232
Iter: 50 	 || Total Loss: 2.9411, I-Loss: 0.6457, P-Loss: 2.2954
/home/wanghuan/mycode/IDEAL/utils/pre_metrics.py:111: RuntimeWarning: Mean of empty slice
  mean_results = np.nanmean(self.results, axis=0)
Product              I-AUROC    I-AP       I-F1max    P-AUROC    P-F1max    P-PRO     
bottle               0.9832     0.9805     0.9333     0.9887     0.7638     nan       
cable                0.9608     0.9627     0.8889     0.9656     0.6901     nan       
capsule              0.9931     0.9944     0.9714     0.9893     0.4894     nan       
carpet               1.0000     1.0000     1.0000     0.9958     0.4789     nan       
grid                 0.9977     0.9976     0.9756     0.9948     0.4694     nan       
hazelnut             0.9968     0.9978     0.9767     0.9956     0.7578     nan       
leather              1.0000     1.0000     1.0000     0.9897     0.3653     nan       
metal_nut            1.0000     1.0000     1.0000     0.9901     0.8987     nan       
pill                 0.9792     0.9792     0.9565     0.9970     0.8181     nan       
screw                0.8618     0.8886     0.8261     0.9743     0.2876     nan       
tile                 1.0000     1.0000     1.0000     0.9691     0.7448     nan       
toothbrush           1.0000     1.0000     1.0000     0.9965     0.6564     nan       
transistor           0.9556     0.9380     0.9677     0.9461     0.6177     nan       
wood                 1.0000     1.0000     1.0000     0.9924     0.7893     nan       
zipper               1.0000     1.0000     1.0000     0.9827     0.4882     nan       
/home/wanghuan/mycode/IDEAL/utils/pre_metrics.py:276: RuntimeWarning: Mean of empty slice
  metrics_mean = np.nanmean(metrics, axis=0)
Mean                 0.9819     0.9826     0.9664     0.9845     0.6210     nan       
======> Train Results:	|| I-AUROC: 0.9819, I-AP: 0.9826, I-F1max: 0.9664, P-AUROC: 0.9845, P-F1max: 0.6210, P-PRO: nan, Train Loss: 2.9365
======> Validation:
Iter: 0 	 || Total Loss: 2.8308, I-Loss: 0.4847, P-Loss: 2.3460
Iter: 50 	 || Total Loss: 3.0383, I-Loss: 0.6936, P-Loss: 2.3447
Iter: 100 	 || Total Loss: 3.0684, I-Loss: 0.7333, P-Loss: 2.3351
Iter: 150 	 || Total Loss: 3.0641, I-Loss: 0.7254, P-Loss: 2.3386
Iter: 200 	 || Total Loss: 3.0583, I-Loss: 0.7194, P-Loss: 2.3389
Iter: 250 	 || Total Loss: 3.0544, I-Loss: 0.7162, P-Loss: 2.3382
Product              I-AUROC    I-AP       I-F1max    P-AUROC    P-F1max    P-PRO     
candle               0.8914     0.8889     0.8325     0.9835     0.3356     0.9582    
capsules             0.9372     0.9621     0.9126     0.9712     0.3054     0.9246    
cashew               0.9196     0.9630     0.8911     0.9886     0.5237     0.9658    
chewinggum           0.9740     0.9892     0.9579     0.9948     0.6798     0.9468    
fryum                0.9437     0.9755     0.9100     0.9469     0.3715     0.8590    
macaroni1            0.8353     0.8535     0.7629     0.9746     0.1939     0.8811    
macaroni2            0.7668     0.7512     0.7273     0.9788     0.1454     0.9003    
pcb1                 0.9532     0.9389     0.9128     0.9920     0.7373     0.9543    
pcb2                 0.7954     0.7408     0.7737     0.9619     0.2712     0.8575    
pcb3                 0.8692     0.8709     0.8122     0.9519     0.2366     0.8498    
pcb4                 0.9038     0.8440     0.8940     0.9667     0.2779     0.8643    
pipe_fryum           0.9604     0.9812     0.9261     0.9876     0.4973     0.9835    
Mean                 0.8958     0.8966     0.8594     0.9749     0.3813     0.9121    
======> Validation Results:	|| I-AUROC: 0.8958, I-AP: 0.8966, I-F1max: 0.8594, P-AUROC: 0.9749, P-F1max: 0.3813, P-PRO: 0.9121, Val Loss: 3.0568
======> Previous Best I-AUROC: 0.9042(2) || Best P-AUROC: 0.9733(2) || Best I-F1max: 0.8655(2) || Best P-F1max: 0.3759(2)
----------------------------------------------------------------------------------------


----------------------------------------------------------------------------------------
======> Epoch: 4, Learning Rate: 0.0009701478472890247
======> Training:
Iter: 0 	 || Total Loss: 2.9134, I-Loss: 0.6355, P-Loss: 2.2779
Iter: 50 	 || Total Loss: 2.9420, I-Loss: 0.6499, P-Loss: 2.2922
/home/wanghuan/mycode/IDEAL/utils/pre_metrics.py:111: RuntimeWarning: Mean of empty slice
  mean_results = np.nanmean(self.results, axis=0)
Product              I-AUROC    I-AP       I-F1max    P-AUROC    P-F1max    P-PRO     
bottle               0.9941     0.9951     0.9756     0.9960     0.8390     nan       
cable                0.9206     0.9405     0.9231     0.9686     0.7092     nan       
capsule              0.8760     0.8844     0.8302     0.9950     0.4626     nan       
carpet               1.0000     1.0000     1.0000     0.9963     0.7396     nan       
grid                 1.0000     1.0000     1.0000     0.9939     0.4969     nan       
hazelnut             1.0000     1.0000     1.0000     0.9954     0.7801     nan       
leather              1.0000     1.0000     1.0000     0.9909     0.2895     nan       
metal_nut            1.0000     1.0000     1.0000     0.9909     0.8007     nan       
pill                 0.9771     0.9812     0.9434     0.9939     0.8015     nan       
screw                0.8352     0.8150     0.8387     0.9849     0.4186     nan       
tile                 1.0000     1.0000     1.0000     0.9855     0.6429     nan       
toothbrush           1.0000     1.0000     1.0000     0.9974     0.6212     nan       
transistor           0.9420     0.8386     0.9167     0.9656     0.6876     nan       
wood                 1.0000     1.0000     1.0000     0.9943     0.6982     nan       
zipper               1.0000     1.0000     1.0000     0.9754     0.4534     nan       
/home/wanghuan/mycode/IDEAL/utils/pre_metrics.py:276: RuntimeWarning: Mean of empty slice
  metrics_mean = np.nanmean(metrics, axis=0)
Mean                 0.9697     0.9637     0.9618     0.9883     0.6294     nan       
======> Train Results:	|| I-AUROC: 0.9697, I-AP: 0.9637, I-F1max: 0.9618, P-AUROC: 0.9883, P-F1max: 0.6294, P-PRO: nan, Train Loss: 2.9402
======> Validation:
Iter: 0 	 || Total Loss: 2.8291, I-Loss: 0.4820, P-Loss: 2.3471
Iter: 50 	 || Total Loss: 3.0450, I-Loss: 0.6954, P-Loss: 2.3496
Iter: 100 	 || Total Loss: 3.0704, I-Loss: 0.7334, P-Loss: 2.3370
Iter: 150 	 || Total Loss: 3.0652, I-Loss: 0.7255, P-Loss: 2.3398
Iter: 200 	 || Total Loss: 3.0588, I-Loss: 0.7191, P-Loss: 2.3397
Iter: 250 	 || Total Loss: 3.0546, I-Loss: 0.7159, P-Loss: 2.3387
Product              I-AUROC    I-AP       I-F1max    P-AUROC    P-F1max    P-PRO     
candle               0.8878     0.8920     0.8276     0.9860     0.3463     0.9628    
capsules             0.9271     0.9554     0.9005     0.9683     0.2643     0.9133    
cashew               0.9311     0.9688     0.9016     0.9887     0.5247     0.9655    
chewinggum           0.9740     0.9889     0.9579     0.9946     0.6735     0.9471    
fryum                0.9499     0.9784     0.9171     0.9512     0.3904     0.8837    
macaroni1            0.8486     0.8660     0.7725     0.9648     0.2037     0.8727    
macaroni2            0.7603     0.7464     0.7265     0.9741     0.1467     0.8941    
pcb1                 0.9640     0.9546     0.9282     0.9928     0.7395     0.9551    
pcb2                 0.8301     0.7712     0.8106     0.9607     0.2870     0.8588    
pcb3                 0.8896     0.8928     0.8169     0.9537     0.2740     0.8721    
pcb4                 0.9167     0.8609     0.9023     0.9685     0.2916     0.8775    
pipe_fryum           0.9734     0.9876     0.9400     0.9869     0.4824     0.9835    
Mean                 0.9044     0.9053     0.8668     0.9742     0.3853     0.9155    
======> Validation Results:	|| I-AUROC: 0.9044, I-AP: 0.9053, I-F1max: 0.8668, P-AUROC: 0.9742, P-F1max: 0.3853, P-PRO: 0.9155, Val Loss: 3.0564
======> Previous Best I-AUROC: 0.9044(4) || Best P-AUROC: 0.9742(4) || Best I-F1max: 0.8668(4) || Best P-F1max: 0.3853(4)
----------------------------------------------------------------------------------------


----------------------------------------------------------------------------------------
======> Epoch: 5, Learning Rate: 0.0009336825748732971
======> Training:
Iter: 0 	 || Total Loss: 2.8897, I-Loss: 0.6158, P-Loss: 2.2738
Iter: 50 	 || Total Loss: 2.9494, I-Loss: 0.6543, P-Loss: 2.2952
/home/wanghuan/mycode/IDEAL/utils/pre_metrics.py:111: RuntimeWarning: Mean of empty slice
  mean_results = np.nanmean(self.results, axis=0)
Product              I-AUROC    I-AP       I-F1max    P-AUROC    P-F1max    P-PRO     
bottle               0.9810     0.9914     0.9677     0.9894     0.7942     nan       
cable                0.9834     0.9874     0.9730     0.9789     0.7258     nan       
capsule              0.9668     0.9631     0.9091     0.9935     0.6276     nan       
carpet               1.0000     1.0000     1.0000     0.9954     0.7068     nan       
grid                 1.0000     1.0000     1.0000     0.9903     0.5241     nan       
hazelnut             1.0000     1.0000     1.0000     0.9953     0.7919     nan       
leather              1.0000     1.0000     1.0000     0.9910     0.2924     nan       
metal_nut            1.0000     1.0000     1.0000     0.9923     0.8909     nan       
pill                 0.9942     0.9974     0.9744     0.9936     0.6619     nan       
screw                0.9325     0.9283     0.8571     0.9933     0.4775     nan       
tile                 1.0000     1.0000     1.0000     0.9887     0.7469     nan       
toothbrush           0.9967     0.9974     0.9744     0.9955     0.6031     nan       
transistor           0.9335     0.9203     0.9268     0.9032     0.3793     nan       
wood                 0.9979     0.9976     0.9756     0.9767     0.6109     nan       
zipper               0.9899     0.9944     0.9714     0.9725     0.4973     nan       
/home/wanghuan/mycode/IDEAL/utils/pre_metrics.py:276: RuntimeWarning: Mean of empty slice
  metrics_mean = np.nanmean(metrics, axis=0)
Mean                 0.9851     0.9851     0.9686     0.9833     0.6220     nan       
======> Train Results:	|| I-AUROC: 0.9851, I-AP: 0.9851, I-F1max: 0.9686, P-AUROC: 0.9833, P-F1max: 0.6220, P-PRO: nan, Train Loss: 2.9484
======> Validation:
Iter: 0 	 || Total Loss: 2.8286, I-Loss: 0.4797, P-Loss: 2.3489
Iter: 50 	 || Total Loss: 3.0409, I-Loss: 0.6950, P-Loss: 2.3459
Iter: 100 	 || Total Loss: 3.0689, I-Loss: 0.7338, P-Loss: 2.3351
Iter: 150 	 || Total Loss: 3.0643, I-Loss: 0.7259, P-Loss: 2.3384
Iter: 200 	 || Total Loss: 3.0580, I-Loss: 0.7195, P-Loss: 2.3385
Iter: 250 	 || Total Loss: 3.0539, I-Loss: 0.7162, P-Loss: 2.3377
Product              I-AUROC    I-AP       I-F1max    P-AUROC    P-F1max    P-PRO     
candle               0.8929     0.8949     0.8214     0.9875     0.3633     0.9635    
capsules             0.9272     0.9545     0.9109     0.9655     0.2528     0.9187    
cashew               0.9338     0.9698     0.9091     0.9885     0.5315     0.9605    
chewinggum           0.9763     0.9898     0.9579     0.9949     0.6818     0.9481    
fryum                0.9491     0.9780     0.9163     0.9499     0.3913     0.8756    
macaroni1            0.8600     0.8702     0.7870     0.9753     0.2005     0.8826    
macaroni2            0.7347     0.7354     0.7085     0.9758     0.1657     0.8866    
pcb1                 0.9627     0.9541     0.9239     0.9926     0.7412     0.9590    
pcb2                 0.8359     0.7824     0.8069     0.9652     0.2981     0.8728    
pcb3                 0.9030     0.9106     0.8131     0.9535     0.3125     0.8686    
pcb4                 0.9144     0.8671     0.8950     0.9651     0.2856     0.8608    
pipe_fryum           0.9777     0.9893     0.9442     0.9874     0.4936     0.9843    
Mean                 0.9057     0.9080     0.8662     0.9751     0.3932     0.9151    
======> Validation Results:	|| I-AUROC: 0.9057, I-AP: 0.9080, I-F1max: 0.8662, P-AUROC: 0.9751, P-F1max: 0.3932, P-PRO: 0.9151, Val Loss: 3.0556
======> Previous Best I-AUROC: 0.9057(5) || Best P-AUROC: 0.9751(5) || Best I-F1max: 0.8662(5) || Best P-F1max: 0.3932(5)
----------------------------------------------------------------------------------------


----------------------------------------------------------------------------------------
======> Epoch: 6, Learning Rate: 0.0008841919993438941
======> Training:
Iter: 0 	 || Total Loss: 2.9890, I-Loss: 0.6985, P-Loss: 2.2905
Iter: 50 	 || Total Loss: 2.9279, I-Loss: 0.6466, P-Loss: 2.2813
/home/wanghuan/mycode/IDEAL/utils/pre_metrics.py:111: RuntimeWarning: Mean of empty slice
  mean_results = np.nanmean(self.results, axis=0)
Product              I-AUROC    I-AP       I-F1max    P-AUROC    P-F1max    P-PRO     
bottle               0.9976     0.9985     0.9804     0.9891     0.7775     nan       
cable                0.9778     0.9861     0.9714     0.9617     0.7073     nan       
capsule              0.9295     0.9318     0.8696     0.9945     0.4817     nan       
carpet               1.0000     1.0000     1.0000     0.9949     0.5958     nan       
grid                 1.0000     1.0000     1.0000     0.9952     0.4251     nan       
hazelnut             1.0000     1.0000     1.0000     0.9960     0.7275     nan       
leather              1.0000     1.0000     1.0000     0.9914     0.3381     nan       
metal_nut            1.0000     1.0000     1.0000     0.9908     0.9094     nan       
pill                 0.9697     0.9654     0.9000     0.9913     0.7369     nan       
screw                0.9286     0.9428     0.9091     0.9899     0.4564     nan       
tile                 1.0000     1.0000     1.0000     0.9886     0.7766     nan       
toothbrush           1.0000     1.0000     1.0000     0.9916     0.6198     nan       
transistor           1.0000     1.0000     1.0000     0.9290     0.5829     nan       
wood                 1.0000     1.0000     1.0000     0.9941     0.7486     nan       
zipper               1.0000     1.0000     1.0000     0.9827     0.4951     nan       
/home/wanghuan/mycode/IDEAL/utils/pre_metrics.py:276: RuntimeWarning: Mean of empty slice
  metrics_mean = np.nanmean(metrics, axis=0)
Mean                 0.9869     0.9883     0.9754     0.9854     0.6253     nan       
======> Train Results:	|| I-AUROC: 0.9869, I-AP: 0.9883, I-F1max: 0.9754, P-AUROC: 0.9854, P-F1max: 0.6253, P-PRO: nan, Train Loss: 2.9274
======> Validation:
Iter: 0 	 || Total Loss: 2.8321, I-Loss: 0.4839, P-Loss: 2.3482
Iter: 50 	 || Total Loss: 3.0373, I-Loss: 0.6930, P-Loss: 2.3443
Iter: 100 	 || Total Loss: 3.0663, I-Loss: 0.7323, P-Loss: 2.3340
Iter: 150 	 || Total Loss: 3.0619, I-Loss: 0.7244, P-Loss: 2.3375
Iter: 200 	 || Total Loss: 3.0562, I-Loss: 0.7184, P-Loss: 2.3378
Iter: 250 	 || Total Loss: 3.0522, I-Loss: 0.7152, P-Loss: 2.3370
Product              I-AUROC    I-AP       I-F1max    P-AUROC    P-F1max    P-PRO     
candle               0.8547     0.8546     0.8116     0.9848     0.3154     0.9617    
capsules             0.9377     0.9635     0.9100     0.9695     0.3078     0.9310    
cashew               0.9124     0.9601     0.8808     0.9904     0.5550     0.9651    
chewinggum           0.9730     0.9885     0.9579     0.9946     0.6838     0.9449    
fryum                0.9450     0.9757     0.9171     0.9514     0.3942     0.8773    
macaroni1            0.8604     0.8735     0.7940     0.9731     0.1970     0.8792    
macaroni2            0.7711     0.7637     0.7154     0.9805     0.1906     0.9170    
pcb1                 0.9651     0.9596     0.9179     0.9929     0.7311     0.9528    
pcb2                 0.8032     0.7610     0.7815     0.9581     0.2773     0.8614    
pcb3                 0.8992     0.9105     0.8190     0.9542     0.3114     0.8618    
pcb4                 0.9247     0.8787     0.9151     0.9670     0.2980     0.8722    
pipe_fryum           0.9627     0.9826     0.9171     0.9867     0.4773     0.9826    
Mean                 0.9008     0.9060     0.8614     0.9753     0.3949     0.9173    
======> Validation Results:	|| I-AUROC: 0.9008, I-AP: 0.9060, I-F1max: 0.8614, P-AUROC: 0.9753, P-F1max: 0.3949, P-PRO: 0.9173, Val Loss: 3.0541
======> Previous Best I-AUROC: 0.9057(5) || Best P-AUROC: 0.9751(5) || Best I-F1max: 0.8662(5) || Best P-F1max: 0.3932(5)
----------------------------------------------------------------------------------------


----------------------------------------------------------------------------------------
======> Epoch: 7, Learning Rate: 0.0008231798667948369
======> Training:
Iter: 0 	 || Total Loss: 2.9642, I-Loss: 0.6452, P-Loss: 2.3190
Iter: 50 	 || Total Loss: 2.9422, I-Loss: 0.6519, P-Loss: 2.2903
/home/wanghuan/mycode/IDEAL/utils/pre_metrics.py:111: RuntimeWarning: Mean of empty slice
  mean_results = np.nanmean(self.results, axis=0)
Product              I-AUROC    I-AP       I-F1max    P-AUROC    P-F1max    P-PRO     
bottle               1.0000     1.0000     1.0000     0.9909     0.8066     nan       
cable                0.9294     0.9489     0.8750     0.9438     0.6091     nan       
capsule              0.8954     0.9068     0.8571     0.9811     0.4947     nan       
carpet               0.9972     0.9971     0.9730     0.9973     0.7587     nan       
grid                 1.0000     1.0000     1.0000     0.9954     0.4906     nan       
hazelnut             1.0000     1.0000     1.0000     0.9983     0.6756     nan       
leather              1.0000     1.0000     1.0000     0.9921     0.3008     nan       
metal_nut            1.0000     1.0000     1.0000     0.9909     0.8742     nan       
pill                 0.9938     0.9938     0.9697     0.9938     0.8045     nan       
screw                0.7157     0.8453     0.7619     0.9671     0.4531     nan       
tile                 1.0000     1.0000     1.0000     0.9653     0.5759     nan       
toothbrush           0.9972     0.9971     0.9730     0.9949     0.5437     nan       
transistor           0.9605     0.9588     0.9189     0.9255     0.5151     nan       
wood                 1.0000     1.0000     1.0000     0.9938     0.7229     nan       
zipper               1.0000     1.0000     1.0000     0.9905     0.6051     nan       
/home/wanghuan/mycode/IDEAL/utils/pre_metrics.py:276: RuntimeWarning: Mean of empty slice
  metrics_mean = np.nanmean(metrics, axis=0)
Mean                 0.9660     0.9765     0.9552     0.9814     0.6154     nan       
======> Train Results:	|| I-AUROC: 0.9660, I-AP: 0.9765, I-F1max: 0.9552, P-AUROC: 0.9814, P-F1max: 0.6154, P-PRO: nan, Train Loss: 2.9406
======> Validation:
Iter: 0 	 || Total Loss: 2.8286, I-Loss: 0.4778, P-Loss: 2.3507
Iter: 50 	 || Total Loss: 3.0402, I-Loss: 0.6937, P-Loss: 2.3465
Iter: 100 	 || Total Loss: 3.0668, I-Loss: 0.7322, P-Loss: 2.3346
Iter: 150 	 || Total Loss: 3.0626, I-Loss: 0.7248, P-Loss: 2.3378
Iter: 200 	 || Total Loss: 3.0566, I-Loss: 0.7186, P-Loss: 2.3380
Iter: 250 	 || Total Loss: 3.0525, I-Loss: 0.7154, P-Loss: 2.3371
Product              I-AUROC    I-AP       I-F1max    P-AUROC    P-F1max    P-PRO     
candle               0.8829     0.8945     0.8269     0.9845     0.3558     0.9591    
capsules             0.9437     0.9663     0.9171     0.9718     0.3100     0.9362    
cashew               0.9202     0.9632     0.8867     0.9895     0.5282     0.9607    
chewinggum           0.9740     0.9889     0.9524     0.9943     0.6813     0.9464    
fryum                0.9503     0.9782     0.9208     0.9568     0.4159     0.8845    
macaroni1            0.8693     0.8697     0.8000     0.9764     0.1914     0.8754    
macaroni2            0.7531     0.7400     0.7149     0.9762     0.1487     0.8948    
pcb1                 0.9622     0.9548     0.9194     0.9934     0.7224     0.9541    
pcb2                 0.8407     0.7879     0.8067     0.9628     0.3019     0.8685    
pcb3                 0.9062     0.9196     0.8230     0.9540     0.3344     0.8678    
pcb4                 0.9264     0.8860     0.9194     0.9668     0.3052     0.8721    
pipe_fryum           0.9738     0.9875     0.9366     0.9866     0.4863     0.9832    
Mean                 0.9086     0.9114     0.8687     0.9761     0.3985     0.9169    
======> Validation Results:	|| I-AUROC: 0.9086, I-AP: 0.9114, I-F1max: 0.8687, P-AUROC: 0.9761, P-F1max: 0.3985, P-PRO: 0.9169, Val Loss: 3.0542
======> Previous Best I-AUROC: 0.9086(7) || Best P-AUROC: 0.9761(7) || Best I-F1max: 0.8687(7) || Best P-F1max: 0.3985(7)
----------------------------------------------------------------------------------------


----------------------------------------------------------------------------------------
======> Epoch: 8, Learning Rate: 0.0007525
======> Training:
Iter: 0 	 || Total Loss: 2.8763, I-Loss: 0.5784, P-Loss: 2.2979
Iter: 50 	 || Total Loss: 2.9205, I-Loss: 0.6364, P-Loss: 2.2841
/home/wanghuan/mycode/IDEAL/utils/pre_metrics.py:111: RuntimeWarning: Mean of empty slice
  mean_results = np.nanmean(self.results, axis=0)
Product              I-AUROC    I-AP       I-F1max    P-AUROC    P-F1max    P-PRO     
bottle               1.0000     1.0000     1.0000     0.9911     0.7728     nan       
cable                0.9688     0.9851     0.9677     0.9787     0.7187     nan       
capsule              0.9038     0.8375     0.7586     0.9950     0.5666     nan       
carpet               1.0000     1.0000     1.0000     0.9944     0.6772     nan       
grid                 1.0000     1.0000     1.0000     0.9932     0.4629     nan       
hazelnut             1.0000     1.0000     1.0000     0.9967     0.7417     nan       
leather              1.0000     1.0000     1.0000     0.9899     0.3464     nan       
metal_nut            1.0000     1.0000     1.0000     0.9935     0.8935     nan       
pill                 0.9897     0.9886     0.9630     0.9900     0.8150     nan       
screw                0.8284     0.7971     0.7727     0.9850     0.4173     nan       
tile                 1.0000     1.0000     1.0000     0.9817     0.7443     nan       
toothbrush           1.0000     1.0000     1.0000     0.9959     0.6022     nan       
transistor           0.9952     0.9963     0.9697     0.9413     0.5966     nan       
wood                 1.0000     1.0000     1.0000     0.9955     0.7254     nan       
zipper               1.0000     1.0000     1.0000     0.9856     0.4902     nan       
/home/wanghuan/mycode/IDEAL/utils/pre_metrics.py:276: RuntimeWarning: Mean of empty slice
  metrics_mean = np.nanmean(metrics, axis=0)
Mean                 0.9791     0.9736     0.9621     0.9872     0.6381     nan       
======> Train Results:	|| I-AUROC: 0.9791, I-AP: 0.9736, I-F1max: 0.9621, P-AUROC: 0.9872, P-F1max: 0.6381, P-PRO: nan, Train Loss: 2.9268
======> Validation:
Iter: 0 	 || Total Loss: 2.8255, I-Loss: 0.4797, P-Loss: 2.3458
Iter: 50 	 || Total Loss: 3.0462, I-Loss: 0.6967, P-Loss: 2.3496
Iter: 100 	 || Total Loss: 3.0708, I-Loss: 0.7345, P-Loss: 2.3363
Iter: 150 	 || Total Loss: 3.0651, I-Loss: 0.7262, P-Loss: 2.3388
Iter: 200 	 || Total Loss: 3.0583, I-Loss: 0.7196, P-Loss: 2.3387
Iter: 250 	 || Total Loss: 3.0538, I-Loss: 0.7163, P-Loss: 2.3376
Product              I-AUROC    I-AP       I-F1max    P-AUROC    P-F1max    P-PRO     
candle               0.8814     0.8909     0.8169     0.9860     0.3535     0.9604    
capsules             0.9430     0.9655     0.9231     0.9683     0.2985     0.9208    
cashew               0.9175     0.9622     0.8821     0.9888     0.5298     0.9629    
chewinggum           0.9757     0.9897     0.9583     0.9940     0.6820     0.9492    
fryum                0.9458     0.9761     0.9146     0.9569     0.4116     0.8866    
macaroni1            0.8622     0.8661     0.7956     0.9740     0.1876     0.8865    
macaroni2            0.7472     0.7369     0.7179     0.9747     0.1495     0.8973    
pcb1                 0.9619     0.9524     0.9154     0.9932     0.7341     0.9520    
pcb2                 0.8256     0.7741     0.7866     0.9601     0.2976     0.8670    
pcb3                 0.9006     0.9090     0.8235     0.9545     0.3139     0.8602    
pcb4                 0.9213     0.8678     0.9116     0.9681     0.3010     0.8683    
pipe_fryum           0.9724     0.9869     0.9400     0.9867     0.4854     0.9832    
Mean                 0.9046     0.9065     0.8655     0.9754     0.3954     0.9162    
======> Validation Results:	|| I-AUROC: 0.9046, I-AP: 0.9065, I-F1max: 0.8655, P-AUROC: 0.9754, P-F1max: 0.3954, P-PRO: 0.9162, Val Loss: 3.0555
======> Previous Best I-AUROC: 0.9086(7) || Best P-AUROC: 0.9761(7) || Best I-F1max: 0.8687(7) || Best P-F1max: 0.3985(7)
----------------------------------------------------------------------------------------


----------------------------------------------------------------------------------------
======> Epoch: 9, Learning Rate: 0.0006742999709462061
======> Training:
Iter: 0 	 || Total Loss: 2.8389, I-Loss: 0.5195, P-Loss: 2.3194
Iter: 50 	 || Total Loss: 2.9232, I-Loss: 0.6386, P-Loss: 2.2846
/home/wanghuan/mycode/IDEAL/utils/pre_metrics.py:111: RuntimeWarning: Mean of empty slice
  mean_results = np.nanmean(self.results, axis=0)
Product              I-AUROC    I-AP       I-F1max    P-AUROC    P-F1max    P-PRO     
bottle               0.9969     0.9976     0.9756     0.9902     0.7814     nan       
cable                0.8654     0.9208     0.8571     0.9045     0.5482     nan       
capsule              0.9500     0.9426     0.8571     0.9947     0.4783     nan       
carpet               1.0000     1.0000     1.0000     0.9962     0.7236     nan       
grid                 1.0000     1.0000     1.0000     0.9948     0.4086     nan       
hazelnut             1.0000     1.0000     1.0000     0.9968     0.7829     nan       
leather              1.0000     1.0000     1.0000     0.9944     0.3334     nan       
metal_nut            1.0000     1.0000     1.0000     0.9884     0.8193     nan       
pill                 0.9455     0.9523     0.9333     0.9892     0.8617     nan       
screw                0.7873     0.7859     0.7429     0.9868     0.3933     nan       
tile                 1.0000     1.0000     1.0000     0.9839     0.7056     nan       
toothbrush           1.0000     1.0000     1.0000     0.9938     0.6768     nan       
transistor           0.9569     0.9606     0.9444     0.9296     0.6295     nan       
wood                 1.0000     1.0000     1.0000     0.9929     0.6812     nan       
zipper               1.0000     1.0000     1.0000     0.9885     0.5689     nan       
/home/wanghuan/mycode/IDEAL/utils/pre_metrics.py:276: RuntimeWarning: Mean of empty slice
  metrics_mean = np.nanmean(metrics, axis=0)
Mean                 0.9668     0.9707     0.9540     0.9816     0.6262     nan       
======> Train Results:	|| I-AUROC: 0.9668, I-AP: 0.9707, I-F1max: 0.9540, P-AUROC: 0.9816, P-F1max: 0.6262, P-PRO: nan, Train Loss: 2.9259
======> Validation:
Iter: 0 	 || Total Loss: 2.8263, I-Loss: 0.4815, P-Loss: 2.3448
Iter: 50 	 || Total Loss: 3.0505, I-Loss: 0.6957, P-Loss: 2.3548
Iter: 100 	 || Total Loss: 3.0721, I-Loss: 0.7336, P-Loss: 2.3384
Iter: 150 	 || Total Loss: 3.0658, I-Loss: 0.7259, P-Loss: 2.3400
Iter: 200 	 || Total Loss: 3.0587, I-Loss: 0.7193, P-Loss: 2.3394
Iter: 250 	 || Total Loss: 3.0540, I-Loss: 0.7160, P-Loss: 2.3380
Product              I-AUROC    I-AP       I-F1max    P-AUROC    P-F1max    P-PRO     
candle               0.8857     0.8856     0.8263     0.9863     0.3357     0.9637    
capsules             0.9367     0.9628     0.9179     0.9618     0.2774     0.9045    
cashew               0.9165     0.9610     0.8846     0.9900     0.5444     0.9686    
chewinggum           0.9738     0.9889     0.9579     0.9945     0.6819     0.9488    
fryum                0.9518     0.9787     0.9192     0.9598     0.4300     0.8911    
macaroni1            0.8679     0.8726     0.7933     0.9733     0.1933     0.8877    
macaroni2            0.7225     0.7195     0.6935     0.9733     0.1495     0.8928    
pcb1                 0.9629     0.9537     0.9154     0.9932     0.7279     0.9524    
pcb2                 0.8353     0.7789     0.8089     0.9610     0.2981     0.8731    
pcb3                 0.9053     0.9128     0.8172     0.9555     0.3161     0.8645    
pcb4                 0.9249     0.8765     0.9151     0.9669     0.3020     0.8692    
pipe_fryum           0.9685     0.9851     0.9388     0.9875     0.4975     0.9832    
Mean                 0.9043     0.9064     0.8657     0.9753     0.3962     0.9166    
======> Validation Results:	|| I-AUROC: 0.9043, I-AP: 0.9064, I-F1max: 0.8657, P-AUROC: 0.9753, P-F1max: 0.3962, P-PRO: 0.9166, Val Loss: 3.0561
======> Previous Best I-AUROC: 0.9086(7) || Best P-AUROC: 0.9761(7) || Best I-F1max: 0.8687(7) || Best P-F1max: 0.3985(7)
----------------------------------------------------------------------------------------


----------------------------------------------------------------------------------------
======> Epoch: 10, Learning Rate: 0.0005909558479451307
======> Training:
Iter: 0 	 || Total Loss: 2.9692, I-Loss: 0.6652, P-Loss: 2.3039
Iter: 50 	 || Total Loss: 2.9095, I-Loss: 0.6306, P-Loss: 2.2789
/home/wanghuan/mycode/IDEAL/utils/pre_metrics.py:111: RuntimeWarning: Mean of empty slice
  mean_results = np.nanmean(self.results, axis=0)
Product              I-AUROC    I-AP       I-F1max    P-AUROC    P-F1max    P-PRO     
bottle               0.9955     0.9952     0.9655     0.9943     0.7925     nan       
cable                0.9140     0.9336     0.9167     0.9393     0.6052     nan       
capsule              0.9536     0.9724     0.9697     0.9823     0.5348     nan       
carpet               0.9957     0.9959     0.9756     0.9948     0.6548     nan       
grid                 1.0000     1.0000     1.0000     0.9968     0.5379     nan       
hazelnut             1.0000     1.0000     1.0000     0.9968     0.7566     nan       
leather              1.0000     1.0000     1.0000     0.9914     0.4199     nan       
metal_nut            1.0000     1.0000     1.0000     0.9922     0.8588     nan       
pill                 0.9893     0.9860     0.9524     0.9973     0.7079     nan       
screw                0.8745     0.8628     0.8235     0.9856     0.3004     nan       
tile                 1.0000     1.0000     1.0000     0.9738     0.7483     nan       
toothbrush           0.9964     0.9952     0.9655     0.9947     0.7024     nan       
transistor           1.0000     1.0000     1.0000     0.9519     0.5880     nan       
wood                 1.0000     1.0000     1.0000     0.9551     0.5727     nan       
zipper               1.0000     1.0000     1.0000     0.9896     0.5973     nan       
/home/wanghuan/mycode/IDEAL/utils/pre_metrics.py:276: RuntimeWarning: Mean of empty slice
  metrics_mean = np.nanmean(metrics, axis=0)
Mean                 0.9813     0.9827     0.9713     0.9824     0.6252     nan       
======> Train Results:	|| I-AUROC: 0.9813, I-AP: 0.9827, I-F1max: 0.9713, P-AUROC: 0.9824, P-F1max: 0.6252, P-PRO: nan, Train Loss: 2.9110
======> Validation:
Iter: 0 	 || Total Loss: 2.8263, I-Loss: 0.4809, P-Loss: 2.3453
Iter: 50 	 || Total Loss: 3.0540, I-Loss: 0.6962, P-Loss: 2.3577
Iter: 100 	 || Total Loss: 3.0743, I-Loss: 0.7346, P-Loss: 2.3397
Iter: 150 	 || Total Loss: 3.0672, I-Loss: 0.7267, P-Loss: 2.3406
Iter: 200 	 || Total Loss: 3.0597, I-Loss: 0.7200, P-Loss: 2.3398
Iter: 250 	 || Total Loss: 3.0548, I-Loss: 0.7167, P-Loss: 2.3381
Product              I-AUROC    I-AP       I-F1max    P-AUROC    P-F1max    P-PRO     
candle               0.8895     0.8889     0.8269     0.9864     0.3418     0.9644    
capsules             0.9437     0.9666     0.9187     0.9626     0.2929     0.9104    
cashew               0.9316     0.9677     0.9091     0.9908     0.5626     0.9685    
chewinggum           0.9738     0.9889     0.9583     0.9940     0.6750     0.9485    
fryum                0.9470     0.9763     0.9268     0.9580     0.4194     0.8872    
macaroni1            0.8782     0.8812     0.8021     0.9798     0.2004     0.8938    
macaroni2            0.7245     0.7219     0.7031     0.9740     0.1563     0.8919    
pcb1                 0.9665     0.9626     0.9171     0.9938     0.7477     0.9500    
pcb2                 0.8422     0.7929     0.8018     0.9599     0.3040     0.8661    
pcb3                 0.9145     0.9285     0.8288     0.9543     0.3462     0.8623    
pcb4                 0.9302     0.8928     0.9282     0.9666     0.3061     0.8689    
pipe_fryum           0.9777     0.9893     0.9543     0.9879     0.5077     0.9818    
Mean                 0.9100     0.9131     0.8729     0.9757     0.4050     0.9162    
======> Validation Results:	|| I-AUROC: 0.9100, I-AP: 0.9131, I-F1max: 0.8729, P-AUROC: 0.9757, P-F1max: 0.4050, P-PRO: 0.9162, Val Loss: 3.0567
======> Previous Best I-AUROC: 0.9100(10) || Best P-AUROC: 0.9757(10) || Best I-F1max: 0.8729(10) || Best P-F1max: 0.4050(10)
----------------------------------------------------------------------------------------


----------------------------------------------------------------------------------------
======> Epoch: 11, Learning Rate: 0.000505
======> Training:
Iter: 0 	 || Total Loss: 2.8786, I-Loss: 0.5928, P-Loss: 2.2858
Iter: 50 	 || Total Loss: 2.9162, I-Loss: 0.6333, P-Loss: 2.2829
/home/wanghuan/mycode/IDEAL/utils/pre_metrics.py:111: RuntimeWarning: Mean of empty slice
  mean_results = np.nanmean(self.results, axis=0)
Product              I-AUROC    I-AP       I-F1max    P-AUROC    P-F1max    P-PRO     
bottle               1.0000     1.0000     1.0000     0.9927     0.8006     nan       
cable                0.9273     0.9498     0.9032     0.9588     0.7165     nan       
capsule              0.9615     0.9496     0.8800     0.9913     0.5447     nan       
carpet               1.0000     1.0000     1.0000     0.9960     0.6759     nan       
grid                 1.0000     1.0000     1.0000     0.9947     0.4508     nan       
hazelnut             1.0000     1.0000     1.0000     0.9957     0.6916     nan       
leather              1.0000     1.0000     1.0000     0.9885     0.3065     nan       
metal_nut            0.9901     0.9928     0.9730     0.9917     0.8709     nan       
pill                 0.9732     0.9830     0.9677     0.9911     0.7532     nan       
screw                1.0000     1.0000     1.0000     0.9957     0.6229     nan       
tile                 1.0000     1.0000     1.0000     0.9750     0.7234     nan       
toothbrush           1.0000     1.0000     1.0000     0.9943     0.7026     nan       
transistor           0.9885     0.9822     0.9630     0.9623     0.6674     nan       
wood                 1.0000     1.0000     1.0000     0.9952     0.7551     nan       
zipper               1.0000     1.0000     1.0000     0.9857     0.5392     nan       
/home/wanghuan/mycode/IDEAL/utils/pre_metrics.py:276: RuntimeWarning: Mean of empty slice
  metrics_mean = np.nanmean(metrics, axis=0)
Mean                 0.9894     0.9905     0.9791     0.9872     0.6548     nan       
======> Train Results:	|| I-AUROC: 0.9894, I-AP: 0.9905, I-F1max: 0.9791, P-AUROC: 0.9872, P-F1max: 0.6548, P-PRO: nan, Train Loss: 2.9134
======> Validation:
Iter: 0 	 || Total Loss: 2.8239, I-Loss: 0.4804, P-Loss: 2.3435
Iter: 50 	 || Total Loss: 3.0527, I-Loss: 0.6966, P-Loss: 2.3561
Iter: 100 	 || Total Loss: 3.0737, I-Loss: 0.7349, P-Loss: 2.3388
Iter: 150 	 || Total Loss: 3.0669, I-Loss: 0.7270, P-Loss: 2.3399
Iter: 200 	 || Total Loss: 3.0594, I-Loss: 0.7203, P-Loss: 2.3391
Iter: 250 	 || Total Loss: 3.0545, I-Loss: 0.7169, P-Loss: 2.3375
Product              I-AUROC    I-AP       I-F1max    P-AUROC    P-F1max    P-PRO     
candle               0.8883     0.8896     0.8416     0.9864     0.3405     0.9628    
capsules             0.9425     0.9657     0.9171     0.9653     0.3105     0.9167    
cashew               0.9268     0.9656     0.8976     0.9904     0.5578     0.9671    
chewinggum           0.9751     0.9896     0.9583     0.9942     0.6759     0.9494    
fryum                0.9406     0.9739     0.9073     0.9596     0.4251     0.8854    
macaroni1            0.8809     0.8822     0.8083     0.9826     0.1995     0.8946    
macaroni2            0.7122     0.7165     0.6980     0.9755     0.1597     0.8934    
pcb1                 0.9664     0.9614     0.9200     0.9936     0.7441     0.9534    
pcb2                 0.8474     0.7934     0.8095     0.9618     0.3095     0.8679    
pcb3                 0.9095     0.9234     0.8230     0.9538     0.3509     0.8620    
pcb4                 0.9284     0.8944     0.9116     0.9671     0.3041     0.8719    
pipe_fryum           0.9771     0.9890     0.9400     0.9875     0.4988     0.9826    
Mean                 0.9079     0.9121     0.8694     0.9785     0.4204     0.9173    
======> Validation Results:	|| I-AUROC: 0.9079, I-AP: 0.9121, I-F1max: 0.8694, P-AUROC: 0.9785, P-F1max: 0.4204, P-PRO: 0.9173, Val Loss: 3.0563
======> Previous Best I-AUROC: 0.9100(10) || Best P-AUROC: 0.9757(10) || Best I-F1max: 0.8729(10) || Best P-F1max: 0.4050(10)
----------------------------------------------------------------------------------------


----------------------------------------------------------------------------------------
======> Epoch: 12, Learning Rate: 0.00041904415205486954
======> Training:
Iter: 0 	 || Total Loss: 2.9808, I-Loss: 0.6546, P-Loss: 2.3262
Iter: 50 	 || Total Loss: 2.9203, I-Loss: 0.6368, P-Loss: 2.2835
/home/wanghuan/mycode/IDEAL/utils/pre_metrics.py:111: RuntimeWarning: Mean of empty slice
  mean_results = np.nanmean(self.results, axis=0)
Product              I-AUROC    I-AP       I-F1max    P-AUROC    P-F1max    P-PRO     
bottle               1.0000     1.0000     1.0000     0.9943     0.8258     nan       
cable                0.9587     0.9716     0.9524     0.9512     0.6927     nan       
capsule              0.9728     0.9680     0.9286     0.9961     0.6788     nan       
carpet               1.0000     1.0000     1.0000     0.9950     0.6318     nan       
grid                 1.0000     1.0000     1.0000     0.9940     0.4756     nan       
hazelnut             1.0000     1.0000     1.0000     0.9947     0.7749     nan       
leather              1.0000     1.0000     1.0000     0.9932     0.3791     nan       
metal_nut            1.0000     1.0000     1.0000     0.9916     0.8396     nan       
pill                 0.9950     0.9959     0.9756     0.9911     0.8120     nan       
screw                0.8797     0.9205     0.8302     0.9904     0.4579     nan       
tile                 1.0000     1.0000     1.0000     0.9636     0.6351     nan       
toothbrush           1.0000     1.0000     1.0000     0.9959     0.6493     nan       
transistor           0.9625     0.9415     0.8889     0.9306     0.5256     nan       
wood                 1.0000     1.0000     1.0000     0.9931     0.6581     nan       
zipper               1.0000     1.0000     1.0000     0.9827     0.5329     nan       
/home/wanghuan/mycode/IDEAL/utils/pre_metrics.py:276: RuntimeWarning: Mean of empty slice
  metrics_mean = np.nanmean(metrics, axis=0)
Mean                 0.9846     0.9865     0.9717     0.9838     0.6380     nan       
======> Train Results:	|| I-AUROC: 0.9846, I-AP: 0.9865, I-F1max: 0.9717, P-AUROC: 0.9838, P-F1max: 0.6380, P-PRO: nan, Train Loss: 2.9217
======> Validation:
Iter: 0 	 || Total Loss: 2.8271, I-Loss: 0.4825, P-Loss: 2.3445
Iter: 50 	 || Total Loss: 3.0519, I-Loss: 0.6960, P-Loss: 2.3559
Iter: 100 	 || Total Loss: 3.0719, I-Loss: 0.7333, P-Loss: 2.3386
Iter: 150 	 || Total Loss: 3.0656, I-Loss: 0.7258, P-Loss: 2.3398
Iter: 200 	 || Total Loss: 3.0585, I-Loss: 0.7194, P-Loss: 2.3390
Iter: 250 	 || Total Loss: 3.0536, I-Loss: 0.7162, P-Loss: 2.3375
Product              I-AUROC    I-AP       I-F1max    P-AUROC    P-F1max    P-PRO     
candle               0.8802     0.8798     0.8293     0.9860     0.3237     0.9652    
capsules             0.9396     0.9647     0.9135     0.9639     0.2977     0.9172    
cashew               0.9309     0.9674     0.9055     0.9900     0.5441     0.9696    
chewinggum           0.9734     0.9890     0.9583     0.9938     0.6664     0.9481    
fryum                0.9412     0.9744     0.9043     0.9599     0.4294     0.8867    
macaroni1            0.8693     0.8764     0.7980     0.9798     0.1924     0.8935    
macaroni2            0.7228     0.7286     0.7018     0.9759     0.1644     0.8888    
pcb1                 0.9659     0.9624     0.9171     0.9935     0.7334     0.9529    
pcb2                 0.8463     0.7918     0.8067     0.9621     0.3029     0.8697    
pcb3                 0.9061     0.9199     0.8136     0.9548     0.3462     0.8626    
pcb4                 0.9310     0.8960     0.9202     0.9674     0.3021     0.8790    
pipe_fryum           0.9831     0.9919     0.9592     0.9874     0.4968     0.9822    
Mean                 0.9075     0.9119     0.8689     0.9762     0.4000     0.9180    
======> Validation Results:	|| I-AUROC: 0.9075, I-AP: 0.9119, I-F1max: 0.8689, P-AUROC: 0.9762, P-F1max: 0.4000, P-PRO: 0.9180, Val Loss: 3.0555
======> Previous Best I-AUROC: 0.9100(10) || Best P-AUROC: 0.9757(10) || Best I-F1max: 0.8729(10) || Best P-F1max: 0.4050(10)
----------------------------------------------------------------------------------------


----------------------------------------------------------------------------------------
======> Epoch: 13, Learning Rate: 0.0003357000290537942
======> Training:
Iter: 0 	 || Total Loss: 2.9957, I-Loss: 0.7075, P-Loss: 2.2882
Iter: 50 	 || Total Loss: 2.9307, I-Loss: 0.6538, P-Loss: 2.2769
/home/wanghuan/mycode/IDEAL/utils/pre_metrics.py:111: RuntimeWarning: Mean of empty slice
  mean_results = np.nanmean(self.results, axis=0)
Product              I-AUROC    I-AP       I-F1max    P-AUROC    P-F1max    P-PRO     
bottle               1.0000     1.0000     1.0000     0.9965     0.8456     nan       
cable                0.9766     0.9793     0.9412     0.9618     0.7488     nan       
capsule              0.9190     0.9504     0.8780     0.9950     0.6907     nan       
carpet               1.0000     1.0000     1.0000     0.9950     0.6214     nan       
grid                 1.0000     1.0000     1.0000     0.9917     0.4335     nan       
hazelnut             1.0000     1.0000     1.0000     0.9956     0.7498     nan       
leather              1.0000     1.0000     1.0000     0.9854     0.3817     nan       
metal_nut            1.0000     1.0000     1.0000     0.9877     0.8452     nan       
pill                 0.9867     0.9907     0.9524     0.9931     0.8589     nan       
screw                0.8889     0.9372     0.8750     0.9830     0.4737     nan       
tile                 1.0000     1.0000     1.0000     0.9700     0.7375     nan       
toothbrush           1.0000     1.0000     1.0000     0.9926     0.6245     nan       
transistor           0.9861     0.9853     0.9744     0.9429     0.6230     nan       
wood                 0.9948     0.9963     0.9697     0.9836     0.6500     nan       
zipper               1.0000     1.0000     1.0000     0.9848     0.5614     nan       
/home/wanghuan/mycode/IDEAL/utils/pre_metrics.py:276: RuntimeWarning: Mean of empty slice
  metrics_mean = np.nanmean(metrics, axis=0)
Mean                 0.9835     0.9893     0.9727     0.9839     0.6564     nan       
======> Train Results:	|| I-AUROC: 0.9835, I-AP: 0.9893, I-F1max: 0.9727, P-AUROC: 0.9839, P-F1max: 0.6564, P-PRO: nan, Train Loss: 2.9324
======> Validation:
Iter: 0 	 || Total Loss: 2.8276, I-Loss: 0.4810, P-Loss: 2.3466
Iter: 50 	 || Total Loss: 3.0589, I-Loss: 0.6967, P-Loss: 2.3622
Iter: 100 	 || Total Loss: 3.0752, I-Loss: 0.7335, P-Loss: 2.3417
Iter: 150 	 || Total Loss: 3.0677, I-Loss: 0.7258, P-Loss: 2.3419
Iter: 200 	 || Total Loss: 3.0599, I-Loss: 0.7193, P-Loss: 2.3406
Iter: 250 	 || Total Loss: 3.0546, I-Loss: 0.7159, P-Loss: 2.3387
Product              I-AUROC    I-AP       I-F1max    P-AUROC    P-F1max    P-PRO     
candle               0.8843     0.8829     0.8309     0.9863     0.3306     0.9646    
capsules             0.9444     0.9664     0.9143     0.9620     0.2933     0.9159    
cashew               0.9266     0.9658     0.9045     0.9908     0.5615     0.9697    
chewinggum           0.9746     0.9894     0.9583     0.9941     0.6747     0.9482    
fryum                0.9468     0.9768     0.9192     0.9598     0.4346     0.8885    
macaroni1            0.8678     0.8761     0.7978     0.9793     0.1897     0.8895    
macaroni2            0.7182     0.7239     0.6987     0.9744     0.1499     0.8839    
pcb1                 0.9666     0.9625     0.9208     0.9936     0.7291     0.9556    
pcb2                 0.8413     0.7872     0.8155     0.9618     0.3043     0.8695    
pcb3                 0.9080     0.9211     0.8208     0.9553     0.3234     0.8675    
pcb4                 0.9333     0.9013     0.9245     0.9676     0.3045     0.8802    
pipe_fryum           0.9827     0.9918     0.9592     0.9876     0.4954     0.9828    
Mean                 0.9079     0.9121     0.8720     0.9760     0.3992     0.9180    
======> Validation Results:	|| I-AUROC: 0.9079, I-AP: 0.9121, I-F1max: 0.8720, P-AUROC: 0.9760, P-F1max: 0.3992, P-PRO: 0.9180, Val Loss: 3.0564
======> Previous Best I-AUROC: 0.9100(10) || Best P-AUROC: 0.9757(10) || Best I-F1max: 0.8729(10) || Best P-F1max: 0.4050(10)
----------------------------------------------------------------------------------------


----------------------------------------------------------------------------------------
======> Epoch: 14, Learning Rate: 0.0002574999999999999
======> Training:
Iter: 0 	 || Total Loss: 2.8558, I-Loss: 0.6242, P-Loss: 2.2316
Iter: 50 	 || Total Loss: 2.9137, I-Loss: 0.6309, P-Loss: 2.2828
/home/wanghuan/mycode/IDEAL/utils/pre_metrics.py:111: RuntimeWarning: Mean of empty slice
  mean_results = np.nanmean(self.results, axis=0)
Product              I-AUROC    I-AP       I-F1max    P-AUROC    P-F1max    P-PRO     
bottle               1.0000     1.0000     1.0000     0.9947     0.8513     nan       
cable                0.9769     0.9705     0.9286     0.9737     0.7879     nan       
capsule              0.9158     0.9396     0.8780     0.9933     0.4999     nan       
carpet               1.0000     1.0000     1.0000     0.9950     0.6531     nan       
grid                 1.0000     1.0000     1.0000     0.9960     0.5441     nan       
hazelnut             1.0000     1.0000     1.0000     0.9959     0.8044     nan       
leather              1.0000     1.0000     1.0000     0.9927     0.3337     nan       
metal_nut            1.0000     1.0000     1.0000     0.9931     0.8720     nan       
pill                 0.9625     0.9704     0.9375     0.9904     0.7352     nan       
screw                0.9524     0.9675     0.9000     0.9930     0.4189     nan       
tile                 1.0000     1.0000     1.0000     0.9805     0.7108     nan       
toothbrush           1.0000     1.0000     1.0000     0.9950     0.6573     nan       
transistor           0.9874     0.9903     0.9444     0.9383     0.5892     nan       
wood                 1.0000     1.0000     1.0000     0.9948     0.7226     nan       
zipper               1.0000     1.0000     1.0000     0.9834     0.5332     nan       
/home/wanghuan/mycode/IDEAL/utils/pre_metrics.py:276: RuntimeWarning: Mean of empty slice
  metrics_mean = np.nanmean(metrics, axis=0)
Mean                 0.9863     0.9892     0.9726     0.9873     0.6476     nan       
======> Train Results:	|| I-AUROC: 0.9863, I-AP: 0.9892, I-F1max: 0.9726, P-AUROC: 0.9873, P-F1max: 0.6476, P-PRO: nan, Train Loss: 2.9169
======> Validation:
Iter: 0 	 || Total Loss: 2.8282, I-Loss: 0.4811, P-Loss: 2.3471
Iter: 50 	 || Total Loss: 3.0622, I-Loss: 0.6961, P-Loss: 2.3661
Iter: 100 	 || Total Loss: 3.0767, I-Loss: 0.7332, P-Loss: 2.3434
Iter: 150 	 || Total Loss: 3.0687, I-Loss: 0.7256, P-Loss: 2.3431
Iter: 200 	 || Total Loss: 3.0607, I-Loss: 0.7193, P-Loss: 2.3414
Iter: 250 	 || Total Loss: 3.0553, I-Loss: 0.7160, P-Loss: 2.3393
Product              I-AUROC    I-AP       I-F1max    P-AUROC    P-F1max    P-PRO     
candle               0.8818     0.8814     0.8342     0.9864     0.3224     0.9663    
capsules             0.9385     0.9633     0.9179     0.9607     0.2833     0.9133    
cashew               0.9210     0.9635     0.8934     0.9908     0.5581     0.9704    
chewinggum           0.9744     0.9893     0.9583     0.9942     0.6731     0.9485    
fryum                0.9474     0.9771     0.9200     0.9605     0.4390     0.8879    
macaroni1            0.8756     0.8823     0.8000     0.9813     0.1981     0.8905    
macaroni2            0.7220     0.7217     0.6953     0.9748     0.1569     0.8834    
pcb1                 0.9654     0.9618     0.9187     0.9937     0.7352     0.9540    
pcb2                 0.8406     0.7865     0.8087     0.9626     0.3050     0.8705    
pcb3                 0.9116     0.9255     0.8211     0.9555     0.3404     0.8668    
pcb4                 0.9318     0.8993     0.9282     0.9679     0.3040     0.8794    
pipe_fryum           0.9837     0.9922     0.9543     0.9874     0.4931     0.9825    
Mean                 0.9078     0.9120     0.8708     0.9763     0.4007     0.9178    
======> Validation Results:	|| I-AUROC: 0.9078, I-AP: 0.9120, I-F1max: 0.8708, P-AUROC: 0.9763, P-F1max: 0.4007, P-PRO: 0.9178, Val Loss: 3.0571
======> Previous Best I-AUROC: 0.9100(10) || Best P-AUROC: 0.9757(10) || Best I-F1max: 0.8729(10) || Best P-F1max: 0.4050(10)
----------------------------------------------------------------------------------------


----------------------------------------------------------------------------------------
======> Epoch: 15, Learning Rate: 0.00018682013320516302
======> Training:
Iter: 0 	 || Total Loss: 2.8778, I-Loss: 0.5920, P-Loss: 2.2858
Iter: 50 	 || Total Loss: 2.9167, I-Loss: 0.6291, P-Loss: 2.2876
/home/wanghuan/mycode/IDEAL/utils/pre_metrics.py:111: RuntimeWarning: Mean of empty slice
  mean_results = np.nanmean(self.results, axis=0)
Product              I-AUROC    I-AP       I-F1max    P-AUROC    P-F1max    P-PRO     
bottle               1.0000     1.0000     1.0000     0.9938     0.7752     nan       
cable                0.8866     0.9471     0.9375     0.9347     0.5491     nan       
capsule              0.9265     0.9260     0.8485     0.9943     0.4521     nan       
carpet               1.0000     1.0000     1.0000     0.9942     0.5337     nan       
grid                 1.0000     1.0000     1.0000     0.9900     0.3665     nan       
hazelnut             1.0000     1.0000     1.0000     0.9975     0.6676     nan       
leather              1.0000     1.0000     1.0000     0.9914     0.2797     nan       
metal_nut            1.0000     1.0000     1.0000     0.9916     0.8545     nan       
pill                 0.9454     0.9537     0.9286     0.9974     0.8748     nan       
screw                0.6923     0.7831     0.7000     0.9671     0.3681     nan       
tile                 1.0000     1.0000     1.0000     0.9869     0.6232     nan       
toothbrush           1.0000     1.0000     1.0000     0.9947     0.6519     nan       
transistor           1.0000     1.0000     1.0000     0.9454     0.5960     nan       
wood                 1.0000     1.0000     1.0000     0.9930     0.6848     nan       
zipper               1.0000     1.0000     1.0000     0.9837     0.4898     nan       
/home/wanghuan/mycode/IDEAL/utils/pre_metrics.py:276: RuntimeWarning: Mean of empty slice
  metrics_mean = np.nanmean(metrics, axis=0)
Mean                 0.9634     0.9740     0.9610     0.9837     0.5845     nan       
======> Train Results:	|| I-AUROC: 0.9634, I-AP: 0.9740, I-F1max: 0.9610, P-AUROC: 0.9837, P-F1max: 0.5845, P-PRO: nan, Train Loss: 2.9173
======> Validation:
Iter: 0 	 || Total Loss: 2.8261, I-Loss: 0.4805, P-Loss: 2.3456
Iter: 50 	 || Total Loss: 3.0635, I-Loss: 0.6966, P-Loss: 2.3669
Iter: 100 	 || Total Loss: 3.0782, I-Loss: 0.7343, P-Loss: 2.3439
Iter: 150 	 || Total Loss: 3.0696, I-Loss: 0.7264, P-Loss: 2.3432
Iter: 200 	 || Total Loss: 3.0613, I-Loss: 0.7198, P-Loss: 2.3415
Iter: 250 	 || Total Loss: 3.0557, I-Loss: 0.7163, P-Loss: 2.3393
Product              I-AUROC    I-AP       I-F1max    P-AUROC    P-F1max    P-PRO     
candle               0.8896     0.8884     0.8416     0.9861     0.3219     0.9667    
capsules             0.9399     0.9654     0.9179     0.9588     0.2894     0.9156    
cashew               0.9278     0.9661     0.9000     0.9909     0.5651     0.9704    
chewinggum           0.9738     0.9891     0.9583     0.9940     0.6705     0.9487    
fryum                0.9483     0.9774     0.9175     0.9609     0.4413     0.8909    
macaroni1            0.8851     0.8908     0.8081     0.9833     0.2018     0.9006    
macaroni2            0.7238     0.7274     0.7029     0.9757     0.1631     0.8884    
pcb1                 0.9669     0.9639     0.9194     0.9938     0.7331     0.9541    
pcb2                 0.8461     0.7918     0.8190     0.9623     0.3059     0.8709    
pcb3                 0.9101     0.9248     0.8276     0.9565     0.3430     0.8687    
pcb4                 0.9311     0.9000     0.9194     0.9680     0.3056     0.8811    
pipe_fryum           0.9827     0.9917     0.9641     0.9876     0.4966     0.9830    
Mean                 0.9104     0.9147     0.8747     0.9785     0.4207     0.9199    
======> Validation Results:	|| I-AUROC: 0.9104, I-AP: 0.9147, I-F1max: 0.8747, P-AUROC: 0.9785, P-F1max: 0.4207, P-PRO: 0.9199, Val Loss: 3.0576
======> Previous Best I-AUROC: 0.9104(15) || Best P-AUROC: 0.9785(15) || Best I-F1max: 0.8747(15) || Best P-F1max: 0.4207(15)
----------------------------------------------------------------------------------------


----------------------------------------------------------------------------------------
======> Epoch: 16, Learning Rate: 0.00012580800065610593
======> Training:
Iter: 0 	 || Total Loss: 2.8979, I-Loss: 0.7090, P-Loss: 2.1889
Iter: 50 	 || Total Loss: 2.9206, I-Loss: 0.6466, P-Loss: 2.2740
/home/wanghuan/mycode/IDEAL/utils/pre_metrics.py:111: RuntimeWarning: Mean of empty slice
  mean_results = np.nanmean(self.results, axis=0)
Product              I-AUROC    I-AP       I-F1max    P-AUROC    P-F1max    P-PRO     
bottle               1.0000     1.0000     1.0000     0.9948     0.8292     nan       
cable                0.9026     0.9316     0.9000     0.9162     0.6304     nan       
capsule              0.9766     0.9801     0.9333     0.9968     0.6289     nan       
carpet               0.9977     0.9980     0.9778     0.9939     0.6136     nan       
grid                 1.0000     1.0000     1.0000     0.9941     0.4841     nan       
hazelnut             1.0000     1.0000     1.0000     0.9973     0.8510     nan       
leather              1.0000     1.0000     1.0000     0.9840     0.3111     nan       
metal_nut            1.0000     1.0000     1.0000     0.9916     0.8692     nan       
pill                 1.0000     1.0000     1.0000     0.9857     0.7908     nan       
screw                0.8421     0.8625     0.8511     0.9895     0.4666     nan       
tile                 1.0000     1.0000     1.0000     0.9901     0.8279     nan       
toothbrush           1.0000     1.0000     1.0000     0.9913     0.6812     nan       
transistor           1.0000     1.0000     1.0000     0.9557     0.6855     nan       
wood                 1.0000     1.0000     1.0000     0.9919     0.7264     nan       
zipper               1.0000     1.0000     1.0000     0.9916     0.5889     nan       
/home/wanghuan/mycode/IDEAL/utils/pre_metrics.py:276: RuntimeWarning: Mean of empty slice
  metrics_mean = np.nanmean(metrics, axis=0)
Mean                 0.9813     0.9848     0.9775     0.9843     0.6657     nan       
======> Train Results:	|| I-AUROC: 0.9813, I-AP: 0.9848, I-F1max: 0.9775, P-AUROC: 0.9843, P-F1max: 0.6657, P-PRO: nan, Train Loss: 2.9201
======> Validation:
Iter: 0 	 || Total Loss: 2.8261, I-Loss: 0.4813, P-Loss: 2.3448
Iter: 50 	 || Total Loss: 3.0595, I-Loss: 0.6959, P-Loss: 2.3636
Iter: 100 	 || Total Loss: 3.0756, I-Loss: 0.7333, P-Loss: 2.3422
Iter: 150 	 || Total Loss: 3.0679, I-Loss: 0.7258, P-Loss: 2.3421
Iter: 200 	 || Total Loss: 3.0600, I-Loss: 0.7193, P-Loss: 2.3407
Iter: 250 	 || Total Loss: 3.0546, I-Loss: 0.7160, P-Loss: 2.3387
Product              I-AUROC    I-AP       I-F1max    P-AUROC    P-F1max    P-PRO     
candle               0.8879     0.8861     0.8358     0.9860     0.3142     0.9668    
capsules             0.9399     0.9644     0.9179     0.9583     0.2874     0.9154    
cashew               0.9307     0.9676     0.9055     0.9906     0.5585     0.9714    
chewinggum           0.9728     0.9886     0.9534     0.9939     0.6734     0.9483    
fryum                0.9470     0.9766     0.9171     0.9596     0.4325     0.8909    
macaroni1            0.8789     0.8874     0.8000     0.9827     0.2020     0.9003    
macaroni2            0.7180     0.7229     0.7023     0.9752     0.1602     0.8879    
pcb1                 0.9664     0.9624     0.9194     0.9938     0.7300     0.9541    
pcb2                 0.8456     0.7922     0.8120     0.9623     0.3068     0.8713    
pcb3                 0.9076     0.9216     0.8202     0.9565     0.3439     0.8696    
pcb4                 0.9292     0.8982     0.9159     0.9679     0.3039     0.8812    
pipe_fryum           0.9812     0.9911     0.9592     0.9874     0.4924     0.9831    
Mean                 0.9088     0.9133     0.8715     0.9762     0.4104     0.9200    
======> Validation Results:	|| I-AUROC: 0.9088, I-AP: 0.9133, I-F1max: 0.8715, P-AUROC: 0.9762, P-F1max: 0.4104, P-PRO: 0.9200, Val Loss: 3.0564
======> Previous Best I-AUROC: 0.9104(15) || Best P-AUROC: 0.9785(15) || Best I-F1max: 0.8747(15) || Best P-F1max: 0.4207(15)
----------------------------------------------------------------------------------------


----------------------------------------------------------------------------------------
======> Epoch: 17, Learning Rate: 7.631742512670295e-05
======> Training:
Iter: 0 	 || Total Loss: 2.8183, I-Loss: 0.5126, P-Loss: 2.3057
Iter: 50 	 || Total Loss: 2.8977, I-Loss: 0.6194, P-Loss: 2.2783
/home/wanghuan/mycode/IDEAL/utils/pre_metrics.py:111: RuntimeWarning: Mean of empty slice
  mean_results = np.nanmean(self.results, axis=0)
Product              I-AUROC    I-AP       I-F1max    P-AUROC    P-F1max    P-PRO     
bottle               1.0000     1.0000     1.0000     0.9946     0.7497     nan       
cable                0.7885     0.8269     0.7200     0.8867     0.3920     nan       
capsule              0.9465     0.9529     0.9231     0.9909     0.4814     nan       
carpet               1.0000     1.0000     1.0000     0.9931     0.6453     nan       
grid                 1.0000     1.0000     1.0000     0.9962     0.5158     nan       
hazelnut             1.0000     1.0000     1.0000     0.9964     0.7854     nan       
leather              1.0000     1.0000     1.0000     0.9888     0.3238     nan       
metal_nut            1.0000     1.0000     1.0000     0.9918     0.8851     nan       
pill                 1.0000     1.0000     1.0000     0.9829     0.7207     nan       
screw                0.8674     0.8880     0.9000     0.9658     0.4462     nan       
tile                 1.0000     1.0000     1.0000     0.9776     0.6781     nan       
toothbrush           0.9967     0.9971     0.9730     0.9952     0.6298     nan       
transistor           1.0000     1.0000     1.0000     0.9349     0.5661     nan       
wood                 1.0000     1.0000     1.0000     0.9917     0.6368     nan       
zipper               1.0000     1.0000     1.0000     0.9869     0.5184     nan       
/home/wanghuan/mycode/IDEAL/utils/pre_metrics.py:276: RuntimeWarning: Mean of empty slice
  metrics_mean = np.nanmean(metrics, axis=0)
Mean                 0.9733     0.9777     0.9677     0.9782     0.5983     nan       
======> Train Results:	|| I-AUROC: 0.9733, I-AP: 0.9777, I-F1max: 0.9677, P-AUROC: 0.9782, P-F1max: 0.5983, P-PRO: nan, Train Loss: 2.9002
======> Validation:
Iter: 0 	 || Total Loss: 2.8261, I-Loss: 0.4810, P-Loss: 2.3451
Iter: 50 	 || Total Loss: 3.0592, I-Loss: 0.6961, P-Loss: 2.3631
Iter: 100 	 || Total Loss: 3.0758, I-Loss: 0.7339, P-Loss: 2.3420
Iter: 150 	 || Total Loss: 3.0680, I-Loss: 0.7261, P-Loss: 2.3419
Iter: 200 	 || Total Loss: 3.0601, I-Loss: 0.7196, P-Loss: 2.3405
Iter: 250 	 || Total Loss: 3.0547, I-Loss: 0.7162, P-Loss: 2.3385
Product              I-AUROC    I-AP       I-F1max    P-AUROC    P-F1max    P-PRO     
candle               0.8875     0.8853     0.8342     0.9856     0.3111     0.9674    
capsules             0.9401     0.9646     0.9208     0.9578     0.2865     0.9156    
cashew               0.9285     0.9666     0.9005     0.9907     0.5622     0.9710    
chewinggum           0.9726     0.9885     0.9534     0.9939     0.6733     0.9482    
fryum                0.9470     0.9766     0.9171     0.9599     0.4335     0.8903    
macaroni1            0.8816     0.8896     0.8040     0.9821     0.2045     0.8995    
macaroni2            0.7186     0.7233     0.7023     0.9749     0.1610     0.8869    
pcb1                 0.9666     0.9633     0.9163     0.9938     0.7299     0.9539    
pcb2                 0.8475     0.7946     0.8113     0.9626     0.3088     0.8730    
pcb3                 0.9066     0.9214     0.8191     0.9571     0.3494     0.8721    
pcb4                 0.9280     0.8968     0.9159     0.9680     0.3039     0.8811    
pipe_fryum           0.9800     0.9905     0.9592     0.9876     0.4949     0.9833    
Mean                 0.9087     0.9134     0.8712     0.9761     0.4116     0.9202    
======> Validation Results:	|| I-AUROC: 0.9087, I-AP: 0.9134, I-F1max: 0.8712, P-AUROC: 0.9761, P-F1max: 0.4116, P-PRO: 0.9202, Val Loss: 3.0566
======> Previous Best I-AUROC: 0.9104(15) || Best P-AUROC: 0.9785(15) || Best I-F1max: 0.8747(15) || Best P-F1max: 0.4207(15)
----------------------------------------------------------------------------------------


----------------------------------------------------------------------------------------
======> Epoch: 18, Learning Rate: 3.9852152710975386e-05
======> Training:
Iter: 0 	 || Total Loss: 2.8791, I-Loss: 0.6128, P-Loss: 2.2663
Iter: 50 	 || Total Loss: 2.9152, I-Loss: 0.6371, P-Loss: 2.2780
/home/wanghuan/mycode/IDEAL/utils/pre_metrics.py:111: RuntimeWarning: Mean of empty slice
  mean_results = np.nanmean(self.results, axis=0)
Product              I-AUROC    I-AP       I-F1max    P-AUROC    P-F1max    P-PRO     
bottle               0.9968     0.9978     0.9767     0.9905     0.7825     nan       
cable                1.0000     1.0000     1.0000     0.9779     0.6851     nan       
capsule              0.9833     0.9850     0.9412     0.9888     0.4669     nan       
carpet               1.0000     1.0000     1.0000     0.9940     0.6650     nan       
grid                 1.0000     1.0000     1.0000     0.9954     0.5611     nan       
hazelnut             1.0000     1.0000     1.0000     0.9947     0.7993     nan       
leather              1.0000     1.0000     1.0000     0.9903     0.4507     nan       
metal_nut            1.0000     1.0000     1.0000     0.9914     0.8707     nan       
pill                 0.9841     0.9890     0.9444     0.9890     0.7765     nan       
screw                0.9105     0.8549     0.8000     0.9896     0.5090     nan       
tile                 1.0000     1.0000     1.0000     0.9886     0.7293     nan       
toothbrush           1.0000     1.0000     1.0000     0.9942     0.6024     nan       
transistor           0.9939     0.9914     0.9677     0.9462     0.6059     nan       
wood                 1.0000     1.0000     1.0000     0.9924     0.6815     nan       
zipper               1.0000     1.0000     1.0000     0.9875     0.5103     nan       
/home/wanghuan/mycode/IDEAL/utils/pre_metrics.py:276: RuntimeWarning: Mean of empty slice
  metrics_mean = np.nanmean(metrics, axis=0)
Mean                 0.9913     0.9879     0.9753     0.9874     0.6464     nan       
======> Train Results:	|| I-AUROC: 0.9913, I-AP: 0.9879, I-F1max: 0.9753, P-AUROC: 0.9874, P-F1max: 0.6464, P-PRO: nan, Train Loss: 2.9178
======> Validation:
Iter: 0 	 || Total Loss: 2.8261, I-Loss: 0.4810, P-Loss: 2.3451
Iter: 50 	 || Total Loss: 3.0590, I-Loss: 0.6961, P-Loss: 2.3629
Iter: 100 	 || Total Loss: 3.0755, I-Loss: 0.7337, P-Loss: 2.3418
Iter: 150 	 || Total Loss: 3.0678, I-Loss: 0.7260, P-Loss: 2.3418
Iter: 200 	 || Total Loss: 3.0599, I-Loss: 0.7195, P-Loss: 2.3404
Iter: 250 	 || Total Loss: 3.0546, I-Loss: 0.7162, P-Loss: 2.3384
Product              I-AUROC    I-AP       I-F1max    P-AUROC    P-F1max    P-PRO     
candle               0.8874     0.8854     0.8342     0.9858     0.3135     0.9672    
capsules             0.9392     0.9643     0.9171     0.9582     0.2873     0.9159    
cashew               0.9283     0.9665     0.9010     0.9906     0.5613     0.9712    
chewinggum           0.9730     0.9887     0.9579     0.9939     0.6737     0.9480    
fryum                0.9466     0.9764     0.9137     0.9598     0.4321     0.8911    
macaroni1            0.8821     0.8896     0.8040     0.9818     0.2036     0.8983    
macaroni2            0.7185     0.7229     0.7023     0.9748     0.1607     0.8876    
pcb1                 0.9667     0.9633     0.9200     0.9938     0.7285     0.9539    
pcb2                 0.8478     0.7949     0.8113     0.9625     0.3070     0.8732    
pcb3                 0.9075     0.9221     0.8191     0.9571     0.3479     0.8720    
pcb4                 0.9277     0.8956     0.9159     0.9678     0.3031     0.8806    
pipe_fryum           0.9802     0.9906     0.9592     0.9875     0.4943     0.9832    
Mean                 0.9087     0.9133     0.8713     0.9761     0.4171     0.9202    
======> Validation Results:	|| I-AUROC: 0.9087, I-AP: 0.9133, I-F1max: 0.8713, P-AUROC: 0.9761, P-F1max: 0.4171, P-PRO: 0.9202, Val Loss: 3.0564
======> Previous Best I-AUROC: 0.9104(15) || Best P-AUROC: 0.9785(15) || Best I-F1max: 0.8747(15) || Best P-F1max: 0.4207(15)
----------------------------------------------------------------------------------------


----------------------------------------------------------------------------------------
======> Epoch: 19, Learning Rate: 1.752016225895703e-05
======> Training:
Iter: 0 	 || Total Loss: 2.9244, I-Loss: 0.6326, P-Loss: 2.2918
Iter: 50 	 || Total Loss: 2.9109, I-Loss: 0.6344, P-Loss: 2.2765
/home/wanghuan/mycode/IDEAL/utils/pre_metrics.py:111: RuntimeWarning: Mean of empty slice
  mean_results = np.nanmean(self.results, axis=0)
Product              I-AUROC    I-AP       I-F1max    P-AUROC    P-F1max    P-PRO     
bottle               1.0000     1.0000     1.0000     0.9948     0.8363     nan       
cable                0.9492     0.9635     0.9333     0.9793     0.8200     nan       
capsule              0.9571     0.9503     0.9000     0.9966     0.6928     nan       
carpet               1.0000     1.0000     1.0000     0.9949     0.5923     nan       
grid                 1.0000     1.0000     1.0000     0.9966     0.5985     nan       
hazelnut             1.0000     1.0000     1.0000     0.9963     0.7851     nan       
leather              1.0000     1.0000     1.0000     0.9880     0.3189     nan       
metal_nut            1.0000     1.0000     1.0000     0.9933     0.8752     nan       
pill                 1.0000     1.0000     1.0000     0.9819     0.7667     nan       
screw                0.8241     0.8784     0.8148     0.9725     0.3926     nan       
tile                 1.0000     1.0000     1.0000     0.9797     0.6707     nan       
toothbrush           0.9922     0.9924     0.9697     0.9953     0.6913     nan       
transistor           0.9688     0.9840     0.9600     0.9352     0.6465     nan       
wood                 1.0000     1.0000     1.0000     0.9787     0.5758     nan       
zipper               1.0000     1.0000     1.0000     0.9875     0.5063     nan       
/home/wanghuan/mycode/IDEAL/utils/pre_metrics.py:276: RuntimeWarning: Mean of empty slice
  metrics_mean = np.nanmean(metrics, axis=0)
Mean                 0.9794     0.9846     0.9719     0.9847     0.6513     nan       
======> Train Results:	|| I-AUROC: 0.9794, I-AP: 0.9846, I-F1max: 0.9719, P-AUROC: 0.9847, P-F1max: 0.6513, P-PRO: nan, Train Loss: 2.9109
======> Validation:
Iter: 0 	 || Total Loss: 2.8260, I-Loss: 0.4810, P-Loss: 2.3450
Iter: 50 	 || Total Loss: 3.0591, I-Loss: 0.6961, P-Loss: 2.3630
Iter: 100 	 || Total Loss: 3.0756, I-Loss: 0.7337, P-Loss: 2.3419
Iter: 150 	 || Total Loss: 3.0679, I-Loss: 0.7260, P-Loss: 2.3418
Iter: 200 	 || Total Loss: 3.0600, I-Loss: 0.7195, P-Loss: 2.3404
Iter: 250 	 || Total Loss: 3.0546, I-Loss: 0.7162, P-Loss: 2.3385
Product              I-AUROC    I-AP       I-F1max    P-AUROC    P-F1max    P-PRO     
candle               0.8872     0.8855     0.8342     0.9859     0.3134     0.9672    
capsules             0.9396     0.9644     0.9200     0.9579     0.2859     0.9151    
cashew               0.9283     0.9665     0.9010     0.9907     0.5614     0.9713    
chewinggum           0.9728     0.9887     0.9579     0.9939     0.6741     0.9481    
fryum                0.9468     0.9766     0.9184     0.9599     0.4328     0.8915    
macaroni1            0.8824     0.8898     0.8065     0.9820     0.2034     0.8999    
macaroni2            0.7196     0.7238     0.7023     0.9750     0.1608     0.8882    
pcb1                 0.9667     0.9634     0.9163     0.9938     0.7286     0.9540    
pcb2                 0.8481     0.7951     0.8113     0.9625     0.3072     0.8731    
pcb3                 0.9073     0.9219     0.8191     0.9570     0.3480     0.8720    
pcb4                 0.9277     0.8955     0.9159     0.9678     0.3028     0.8803    
pipe_fryum           0.9804     0.9907     0.9592     0.9875     0.4940     0.9831    
Mean                 0.9089     0.9135     0.8718     0.9781     0.4209     0.9208    
======> Validation Results:	|| I-AUROC: 0.9089, I-AP: 0.9135, I-F1max: 0.8718, P-AUROC: 0.9781, P-F1max: 0.4209, P-PRO: 0.9208, Val Loss: 3.0565
======> Previous Best I-AUROC: 0.9104(15) || Best P-AUROC: 0.9785(15) || Best I-F1max: 0.8747(15) || Best P-F1max: 0.4207(15)
----------------------------------------------------------------------------------------


======> LAST I-AUROC: 0.9089 || LAST P-AUROC: 0.9781
======> LAST I-AP: 0.9135 || LAST P-PRO: 0.9208
======> LAST I-F1max: 0.8718 || LAST P-F1max: 0.4209
